src/features/auth/context.tsx(1,8): error TS6133: 'React' is declared but its value is never read.
src/features/auth/services/authService.ts(8,22): error TS2307: Cannot find module '../../shared/config/firebase' or its corresponding type declarations.
src/features/auth/services/userService.ts(1,31): error TS6133: 'serverTimestamp' is declared but its value is never read.
src/features/auth/services/userService.ts(2,20): error TS2307: Cannot find module '../../shared/config/firebase' or its corresponding type declarations.
src/features/auth/services/userService.ts(3,56): error TS2307: Cannot find module '../../shared/types' or its corresponding type declarations.
src/features/auth/services/userService.ts(4,26): error TS2307: Cannot find module '../../shared/utils/dateUtils' or its corresponding type declarations.
